// Jest Snapshot v1, https://goo.gl/fbAQLP

exports[`errors 1`] = `Array []`;

exports[`errors 2`] = `Array []`;

exports[`generated cache-loader data 1`] = `
Array [
  Object {
    "contextDependencies": Array [],
    "dependencies": Array [
      Object {
        "mtime": null,
        "path": "test/fixtures/basic/file_1.js",
      },
      Object {
        "mtime": null,
        "path": "src/index.js",
      },
    ],
    "remainingRequest": "test/fixtures/basic/file_1.js",
    "result": Array [
      "/* eslint-disable */
console.log('file_1');
",
    ],
  },
  Object {
    "contextDependencies": Array [],
    "dependencies": Array [
      Object {
        "mtime": null,
        "path": "test/fixtures/basic/file_2.js",
      },
      Object {
        "mtime": null,
        "path": "src/index.js",
      },
    ],
    "remainingRequest": "test/fixtures/basic/file_2.js",
    "result": Array [
      "/* eslint-disable */
console.log('file_2');
",
    ],
  },
  Object {
    "contextDependencies": Array [],
    "dependencies": Array [
      Object {
        "mtime": null,
        "path": "test/fixtures/basic/index.js",
      },
      Object {
        "mtime": null,
        "path": "src/index.js",
      },
    ],
    "remainingRequest": "test/fixtures/basic/index.js",
    "result": Array [
      "/* eslint-disable */
require('./file_1.js');
require('./file_2.js');

console.log('basic_entry');
",
    ],
  },
]
`;

exports[`warnings 1`] = `Array []`;

exports[`warnings 2`] = `Array []`;
