// Jest Snapshot v1, https://goo.gl/fbAQLP

exports[`compare option should call compare with contextualized dep: errors 1`] = `Array []`;

exports[`compare option should call compare with contextualized dep: warnings 1`] = `Array []`;
